Type mismatch at not-a-function.kl:3.11-3.13.
Expected (Integer â†’ ?1) but got Integer
