#[bound-identifier.kl:11.36-11.37]<t> : Syntax
#[bound-identifier.kl:11.40-11.41]<f> : Syntax
