"before module" : String
"inside module" : String
"after module" : String
