#[define-syntax-rule.kl:46.33-46.36]<bar> : Syntax
