#[defun.kl:18.18-18.19]<a> : Syntax
#[defun.kl:29.34-29.35]<g> : Syntax
