(:: (false) (:: (true) (:: (false) (:: (true) (:: (false) (nil)))))) : (List Bool)
(:: (true) (:: (false) (:: (true) (:: (false) (:: (true) (nil)))))) : (List Bool)
