Signal 1 : Signal
Signal 2 : Signal
Signal 3 : Signal
