Signal 1 : Signal
Signal 1 : Signal
Signal 1 : Signal
Signal 10 : Signal
Signal 10 : Signal
Signal 10 : Signal
