"OfUnit IO" : String
"OfUnit Maybe" : String
"OfUnit (Either Unit)" : String
