#[hygiene.kl:12.19-12.20]<b> : Syntax
#[hygiene.kl:13.37-13.38]<a> : Syntax
#[hygiene.kl:23.57-23.58]<b> : Syntax
