#[import.kl:7.24-7.27]<one> : Syntax
#[import.kl:8.48-8.50]<to> : Syntax
