3 : Integer
2 : Integer
-1 : Integer
3 : Integer
-2 : Integer
2 : Integer
4 : Integer
-4 : Integer
(true) : Bool
(false) : Bool
(false) : Bool
(true) : Bool
(true) : Bool
(false) : Bool
(false) : Bool
(false) : Bool
(true) : Bool
(false) : Bool
(true) : Bool
(true) : Bool
(false) : Bool
(true) : Bool
(false) : Bool
(true) : Bool
(false) : Bool
(true) : Bool
"4" : String
"-5" : String
