#<output port> : Output-Port
#<IO action> : (IO Integer)
hello world!
