#[lambda-case-test.kl:8.13-8.16]<nil> : Syntax
#[lambda-case-test.kl:9.16-9.20]<cons> : Syntax
