#[/Users/gelisam/working/haskell/klister/examples/lang.kl:5.30-5.31]<Ã¸> : Syntax
