'Signal 1 : Syntax
'(Signal 2 Signal 3) : Syntax
'(x y z) : Syntax
'((f x) (f y) (f z)) : Syntax
'(z y x) : Syntax
