#[/Users/gelisam/working/haskell/klister/examples/meta-macro.kl:7.12-7.15]<foo> : Syntax
#[/Users/gelisam/working/haskell/klister/examples/meta-macro.kl:31.15-31.18]
 <baz> : Syntax
