#[pmatch.kl:103.32-103.33]<t> : Syntax
#[pmatch.kl:104.36-104.37]<t> : Syntax
#[pmatch.kl:105.29-105.30]<t> : Syntax
#[pmatch.kl:106.48-106.49]<t> : Syntax
(zero) : Nat
(zero) : Nat
(zero) : Nat
(zero) : Nat
(add1 (zero)) : Nat
(:: (pair #[pmatch.kl:131.34-131.35]<Signal 1> Signal 1)
    (:: (pair #[pmatch.kl:131.50-131.51]<Signal 2> Signal 2)
        (:: (pair #[pmatch.kl:131.66-131.67]<Signal 3> Signal 3) (nil)))) : (List (Pair Syntax Signal))
