(flip) : ScopeAction
(add) : ScopeAction
(remove) : ScopeAction
(unit) : Unit
(unit) : Unit
