#[product-type.kl:12.23-12.24]<a> : Syntax
#<closure> : ∀(α : *) (β : *). ((× α β) → α)
