'nothing
'thing
'nothing
'(thing)
'(nothing)
'(list-syntax (nothing thing) thing)
'(list-syntax (nothing thing ()) thing)
'(thing nothing thing)
