#[syntax-loc.kl:3.15-3.19]<here> : Syntax
#[syntax-loc.kl:5.16-5.21]<here> : Syntax
