(true) : Bool
(false) : Bool
#[tiny-types.kl:5.25-5.28]<foo> : Syntax
pure #[tiny-types.kl:6.39-6.42]<foo> : (Macro Syntax)
#<closure> : (Bool → Bool)
#<closure> : (Bool → Syntax)
(free-identifier=?
 #[tiny-types.kl:10.40-10.41]<a>
 #[tiny-types.kl:10.43-10.44]<b>)
>>=
#<closure> : (Macro (Bool → Bool))
