#[/Users/gelisam/working/haskell/klister/examples/two-defs.kl:5.21-5.23]<id> : Syntax
